openjdk version "21.0.12.1" 2026-08-18
OpenJDK Runtime Environment (build 21.0.12.1+1-1-24.04.4-Ubuntu)
OpenJDK 64-Bit Server VM (build 21.0.12.1+1-1-24.04.4-Ubuntu, mixed mode)
INFO  Using log config file: jar:file:/opt/ghidra_home/Ghidra/Framework/Generic/lib/Generic.jar!/generic.log4j.xml (LoggingInitialization)  
INFO  Using log file: /root/.config/ghidra/ghidra_12.1.4_PUBLIC/application.log (LoggingInitialization)  
INFO  Loading user preferences: /root/.config/ghidra/ghidra_12.1.4_PUBLIC/preferences (Preferences)  
INFO  Searching for classes... (ClassSearcher)  
INFO  Class search complete (678 ms) (ClassSearcher)  
INFO  Initializing SSL Context (DefaultSSLContextInitializer)  
INFO  Initializing Random Number Generator... (SecureRandomFactory)  
INFO  Random Number Generator initialization complete: NativePRNGNonBlocking (SecureRandomFactory)  
INFO  Trust manager disabled, cacerts have not been set (DefaultTrustManagerFactory)  
INFO  Headless startup complete (1273 ms) (AnalyzeHeadless)  
INFO  Class searcher loaded 59 extension points (20 false positives) (ClassSearcher)  
INFO  HEADLESS Script Paths:
    /opt/ghidra_home/Ghidra/Processors/DATA/ghidra_scripts
    /opt/ghidra_home/Ghidra/Features/VersionTracking/ghidra_scripts
    /opt/ghidra_home/Ghidra/Features/BytePatterns/ghidra_scripts
    /opt/ghidra_home/Ghidra/Features/Base/ghidra_scripts
    /opt/ghidra_home/Ghidra/Features/DecompilerDependent/ghidra_scripts
    /opt/ghidra_home/Ghidra/Features/FunctionID/ghidra_scripts
    /opt/ghidra_home/Ghidra/Features/SystemEmulation/ghidra_scripts
    /opt/GSM/shannon_ghidra_scripts
    /opt/ghidra_home/Ghidra/Features/Decompiler/ghidra_scripts
    /opt/ghidra_home/Ghidra/Processors/Atmel/ghidra_scripts
    /opt/ghidra_home/Ghidra/Debug/Debugger-rmi-trace/ghidra_scripts
    /opt/ghidra_home/Ghidra/Debug/Debugger/ghidra_scripts
    /opt/ghidra_home/Ghidra/Features/BSim/ghidra_scripts
    /opt/ghidra_home/Ghidra/Processors/8051/ghidra_scripts
    /opt/ghidra_home/Ghidra/Processors/JVM/ghidra_scripts
    /opt/ghidra_home/Ghidra/Processors/PIC/ghidra_scripts
    /opt/ghidra_home/Ghidra/Features/FileFormats/ghidra_scripts
    /opt/ghidra_home/Ghidra/Features/PyGhidra/ghidra_scripts
    /opt/ghidra_home/Ghidra/Features/MicrosoftCodeAnalyzer/ghidra_scripts
    /opt/ghidra_home/Ghidra/Features/GnuDemangler/ghidra_scripts
    /opt/ghidra_home/Ghidra/Features/PDB/ghidra_scripts
    /opt/ghidra_home/Ghidra/Features/WildcardAssembler/ghidra_scripts
    /opt/ghidra_home/Ghidra/Features/SwiftDemangler/ghidra_scripts (HeadlessAnalyzer)  
INFO  HEADLESS: execution starts (HeadlessAnalyzer)  
INFO  Opening existing project: /opt/GSM/shannon_ghidra_proj/shannon (HeadlessAnalyzer)  
INFO  Opening project: /opt/GSM/shannon_ghidra_proj/shannon (HeadlessProject)  
INFO  REPORT: Processing project file: /shannon_main.bin (HeadlessAnalyzer)  
INFO  REPORT: Execute script: dsp_thumb.java  (HeadlessAnalyzer)  
INFO  SCRIPT: /opt/GSM/shannon_ghidra_scripts/dsp_thumb.java (HeadlessAnalyzer)  
INFO  dsp_thumb.java> ==== DSP-THUMB REPORT ==== (GhidraScript)  
INFO  dsp_thumb.java> 
### desc_validator_0x40b7045e ### (GhidraScript)  
INFO  dsp_thumb.java> 
undefined4 FUN_40b7045e(void)

{
  undefined4 *puVar1;
  undefined4 uVar2;
  
  puVar1 = *(undefined4 **)(DAT_40b705dc + 0x60);
  uVar2 = 0;
  if (puVar1 != (undefined4 *)0x0) {
    if (((puVar1 < &DAT_e1000000) || (DAT_40b705e4 < puVar1)) ||
       ((undefined4 *)*puVar1 < &DAT_e1000000 || DAT_40b705e4 < (undefined4 *)*puVar1)) {
      uVar2 = 0;
    }
    else {
      uVar2 = 1;
    }
  }
  return uVar2;
}

 (GhidraScript)  
INFO  dsp_thumb.java> 
### sync_check_0x40b6fccc ### (GhidraScript)  
INFO  dsp_thumb.java> 
/* WARNING: Globals starting with '_' overlap smaller symbols at the same address */

void FUN_40b6fccc(void)

{
  if ((*_DAT_40b700cc == 0x8d) && (_DAT_40b700cc[1] == 0x11e)) {
    return;
  }
  FUN_4065973a(s_Please_check_code_sync_between_C_40b700e4,0x8d,0x11e,*_DAT_40b700cc,
               s_8GDSP_SUBSYS_CRTLDSP_40b700cd + 3,0xdf);
  return;
}

 (GhidraScript)  
INFO  dsp_thumb.java> 
### ring_reset_0x40b6fd00 ### (GhidraScript)  
INFO  dsp_thumb.java> 
/* WARNING: Globals starting with '_' overlap smaller symbols at the same address */

void FUN_40b6fd00(void)

{
  int iVar1;
  
  iVar1 = _DAT_40b700cc;
  *(undefined2 *)(_DAT_40b700cc + 0x66) = 0;
  *(undefined2 *)(iVar1 + 100) = 0;
  *(undefined4 *)(iVar1 + 0x68) = 0;
  return;
}

 (GhidraScript)  
INFO  dsp_thumb.java> ==== END ==== (GhidraScript)  
INFO  REPORT: Save succeeded for processed file: /shannon_main.bin (HeadlessAnalyzer)  
