openjdk version "21.0.12.1" 2026-08-18
OpenJDK Runtime Environment (build 21.0.12.1+1-1-24.04.4-Ubuntu)
OpenJDK 64-Bit Server VM (build 21.0.12.1+1-1-24.04.4-Ubuntu, mixed mode)
INFO  Using log config file: jar:file:/opt/ghidra_home/Ghidra/Framework/Generic/lib/Generic.jar!/generic.log4j.xml (LoggingInitialization)  
INFO  Using log file: /root/.config/ghidra/ghidra_12.1.4_PUBLIC/application.log (LoggingInitialization)  
INFO  Loading user preferences: /root/.config/ghidra/ghidra_12.1.4_PUBLIC/preferences (Preferences)  
INFO  Searching for classes... (ClassSearcher)  
INFO  Class search complete (442 ms) (ClassSearcher)  
INFO  Initializing SSL Context (DefaultSSLContextInitializer)  
INFO  Initializing Random Number Generator... (SecureRandomFactory)  
INFO  Random Number Generator initialization complete: NativePRNGNonBlocking (SecureRandomFactory)  
INFO  Trust manager disabled, cacerts have not been set (DefaultTrustManagerFactory)  
INFO  Headless startup complete (1013 ms) (AnalyzeHeadless)  
INFO  Class searcher loaded 59 extension points (20 false positives) (ClassSearcher)  
INFO  HEADLESS Script Paths:
    /opt/ghidra_home/Ghidra/Processors/DATA/ghidra_scripts
    /opt/ghidra_home/Ghidra/Features/VersionTracking/ghidra_scripts
    /opt/ghidra_home/Ghidra/Features/BytePatterns/ghidra_scripts
    /opt/ghidra_home/Ghidra/Features/Base/ghidra_scripts
    /opt/ghidra_home/Ghidra/Features/DecompilerDependent/ghidra_scripts
    /opt/ghidra_home/Ghidra/Features/FunctionID/ghidra_scripts
    /opt/ghidra_home/Ghidra/Features/SystemEmulation/ghidra_scripts
    /opt/GSM/shannon_ghidra_scripts
    /opt/ghidra_home/Ghidra/Features/Decompiler/ghidra_scripts
    /opt/ghidra_home/Ghidra/Processors/Atmel/ghidra_scripts
    /opt/ghidra_home/Ghidra/Debug/Debugger-rmi-trace/ghidra_scripts
    /opt/ghidra_home/Ghidra/Debug/Debugger/ghidra_scripts
    /opt/ghidra_home/Ghidra/Features/BSim/ghidra_scripts
    /opt/ghidra_home/Ghidra/Processors/8051/ghidra_scripts
    /opt/ghidra_home/Ghidra/Processors/JVM/ghidra_scripts
    /opt/ghidra_home/Ghidra/Processors/PIC/ghidra_scripts
    /opt/ghidra_home/Ghidra/Features/FileFormats/ghidra_scripts
    /opt/ghidra_home/Ghidra/Features/PyGhidra/ghidra_scripts
    /opt/ghidra_home/Ghidra/Features/MicrosoftCodeAnalyzer/ghidra_scripts
    /opt/ghidra_home/Ghidra/Features/GnuDemangler/ghidra_scripts
    /opt/ghidra_home/Ghidra/Features/PDB/ghidra_scripts
    /opt/ghidra_home/Ghidra/Features/WildcardAssembler/ghidra_scripts
    /opt/ghidra_home/Ghidra/Features/SwiftDemangler/ghidra_scripts (HeadlessAnalyzer)  
INFO  HEADLESS: execution starts (HeadlessAnalyzer)  
INFO  Opening existing project: /opt/GSM/shannon_ghidra_proj/shannon (HeadlessAnalyzer)  
INFO  Opening project: /opt/GSM/shannon_ghidra_proj/shannon (HeadlessProject)  
INFO  REPORT: Processing project file: /shannon_main.bin (HeadlessAnalyzer)  
INFO  REPORT: Execute script: dsp_desc2.java  (HeadlessAnalyzer)  
INFO  SCRIPT: /opt/GSM/shannon_ghidra_scripts/dsp_desc2.java (HeadlessAnalyzer)  
INFO  dsp_desc2.java> ==== DSP-DESC2 REPORT ==== (GhidraScript)  
INFO  dsp_desc2.java> candidate writer/ref functions: 9 (GhidraScript)  
INFO  dsp_desc2.java> 
######## FUNC @ 0x40626480 ######## (GhidraScript)  
INFO  dsp_desc2.java> 
/* WARNING: Globals starting with '_' overlap smaller symbols at the same address */

void FUN_40626480(int param_1)

{
  int iVar1;
  undefined4 uVar2;
  int iVar3;
  uint uVar4;
  undefined4 uVar5;
  int iVar6;
  int iVar7;
  uint uVar8;
  uint local_40;
  uint local_38;
  undefined4 uStack_34;
  undefined4 local_30;
  undefined4 uStack_2c;
  
  iVar1 = _DAT_406265ac;
  local_40 = 0;
  *(undefined4 *)(_DAT_406265ac + 0x48) = 1;
  local_38 = _DAT_ef000004;
  _DAT_ef000004 = _DAT_ef000004 & 0xfffffffe;
  *(undefined4 *)(iVar1 + 0x48) = 2;
  FUN_40584e74(1);
  uVar8 = _DAT_40626614;
  iVar3 = _DAT_40626610;
  uVar2 = _DAT_406265b0;
  uVar4 = *(uint *)(_DAT_40626610 + 4);
  while ((uVar4 & 1) != 0) {
    DataMemoryBarrier(0x1f);
    local_38 = uVar8;
    uStack_34 = 0x15c2;
    FUN_4057d632(&local_38,local_40,param_1,uVar2);
    if (5 < local_40) break;
    local_40 = local_40 + 1;
    uVar4 = *(uint *)(iVar3 + 4);
  }
  local_40 = 0;
  *(undefined4 *)(iVar1 + 0x48) = 3;
  _DAT_ef000010 = 0;
  if (param_1 == 0) {
    thunk_FUN_417beca0(0);
    FUN_406259d8();
    uVar5 = FUN_405f64e0();
    *(undefined4 *)(_DAT_40626618 + 4) = uVar5;
  }
  local_38 = _DAT_e0000000;
  local_30 = _DAT_4062661c;
  uStack_2c = 0x120;
  FUN_4057d632(&local_30,_DAT_e0000000,uRame1000000,uVar2);
  *(undefined4 *)(iVar1 + 0x48) = 4;
  iVar6 = thunk_EXT_FUN_0401902e();
  FUN_4119f338(param_1);
  iVar7 = thunk_EXT_FUN_0401902e();
  *(undefined4 *)(iVar1 + 0x48) = 5;
  DataMemoryBarrier(0x1f);
  *(uint *)(iVar3 + 4) = *(uint *)(iVar3 + 4) | 1;
  FUN_40584e74(1);
  *(undefined4 *)(iVar1 + 0x48) = 6;
  uVar5 = _DAT_40626620;
  uVar8 = *(uint *)(iVar3 + 4);
  while ((uVar8 & 1) == 0) {
    DataMemoryBarrier(0x1f);
    local_30 = uVar5;
    uStack_2c = 0x15c2;
    FUN_4057d632(&local_30,local_40,param_1,uVar2);
    _DAT_ef000004 = local_38 | 1;
    if (5 < local_40) break;
    local_40 = local_40 + 1;
    uVar8 = *(uint *)(iVar3 + 4);
  }
  local_38 = _DAT_40626624;
  uStack_34 = 0x120;
  FUN_4057d632(&local_38,iVar7 - iVar6,param_1,uVar2);
  *(undefined4 *)(iVar1 + 0x48) = 7;
  return;
}

 (GhidraScript)  
INFO  dsp_desc2.java> 
######## FUNC @ 0x40b70020 ######## (GhidraScript)  
INFO  dsp_desc2.java> 
/* WARNING: Globals starting with '_' overlap smaller symbols at the same address */

void FUN_40b70020(void)

{
  int iVar1;
  ushort *puVar2;
  undefined2 *puVar3;
  int *piVar4;
  undefined4 uVar5;
  undefined4 *puVar6;
  undefined2 uVar7;
  undefined4 uVar8;
  undefined4 uVar9;
  int iVar10;
  code *pcVar11;
  undefined *local_30;
  undefined4 uStack_2c;
  
  puVar2 = _DAT_40b70120;
  *_DAT_40b70120 = 0;
  iVar1 = _DAT_40b70110;
  *(undefined2 *)(_DAT_40b70110 + 0x2a) = 0xd0d0;
  *(undefined2 *)(iVar1 + 0x2c) = 0xfa1e;
  thunk_EXT_FUN_04005c0e(_DAT_40b70138,0x80);
  puVar3 = _DAT_40b7013c;
  *_DAT_40b7013c = 0;
  FUN_405ca622(0,0x10);
  FUN_40fd4688();
  FUN_40cccfc8();
  FUN_40ccc42c();
  uVar8 = thunk_EXT_FUN_0401858c();
  iVar1 = _DAT_40b70140;
  *(undefined4 *)(_DAT_40b70140 + 0xc) = uVar8;
  uVar8 = thunk_EXT_FUN_04018576();
  *(undefined4 *)(iVar1 + 0x10) = uVar8;
  *(undefined4 *)(iVar1 + 0x14) = 1;
  uVar7 = FUN_40c44ff6();
  iVar1 = _DAT_40b70144;
  *(undefined2 *)(_DAT_40b70144 + 0x82e) = uVar7;
  uVar7 = FUN_40c44ffe();
  *(undefined2 *)(iVar1 + 0x832) = uVar7;
  uVar7 = FUN_40c45006();
  *(undefined2 *)(iVar1 + 0x834) = uVar7;
  uVar7 = FUN_40c4500e();
  *(undefined2 *)(iVar1 + 0x8742) = uVar7;
  uVar7 = FUN_40c45048();
  *(undefined2 *)(iVar1 + 0x830) = uVar7;
  uVar7 = FUN_40c45026();
  *(undefined2 *)(iVar1 + 0x836) = uVar7;
  uVar7 = FUN_40c862e4(0);
  *(undefined2 *)(iVar1 + 0x1254) = uVar7;
  local_30 = (undefined *)CONCAT31(local_30._1_3_,1);
  FUN_40d1b28e(0x159,&local_30);
  *(ushort *)(iVar1 + 0x1256) = (ushort)(((uint)local_30 & 0xff) == 0);
  uVar8 = DAT_40b7054c;
  *(undefined4 *)(DAT_40b70550 + 0x6c0) = DAT_40b7054c;
  uVar7 = FUN_40c44ff6();
  iVar10 = DAT_40b70554;
  *(undefined2 *)(DAT_40b70554 + 0xfa) = uVar7;
  uVar7 = FUN_40c44ffe();
  *(undefined2 *)(iVar10 + 0xfe) = uVar7;
  uVar7 = FUN_40c45006();
  *(undefined2 *)(iVar10 + 0x100) = uVar7;
  uVar7 = FUN_40c4500e();
  *(undefined2 *)(iVar10 + 0x800e) = uVar7;
  uVar7 = FUN_40c45048();
  *(undefined2 *)(iVar10 + 0xfc) = uVar7;
  uVar7 = FUN_40c45026();
  *(undefined2 *)(iVar10 + 0x102) = uVar7;
  uVar7 = FUN_40c862e4(1);
  *(undefined2 *)(iVar10 + 0xb20) = uVar7;
  local_30 = (undefined *)CONCAT31(local_30._1_3_,1);
  FUN_40d1b28e(0x159,&local_30);
  *(ushort *)(iVar10 + 0xb22) = (ushort)(((uint)local_30 & 0xff) == 0);
  *(undefined4 *)(DAT_40b70558 + 0xf8c) = uVar8;
  piVar4 = DAT_40b7055c;
  *(undefined2 *)(iVar1 + 0x1258) = 0;
  *(undefined2 *)(iVar10 + 0xb24) = 0;
  puVar6 = DAT_40b70570;
  uVar9 = s_BDSP_DOWN_40b70563._5_4_;
  uVar8 = s_BDSP_DOWN_40b70563._1_4_;
  iVar1 = _DAT_40b70560;
  if ((*piVar4 != 0) && (pcVar11 = *(code **)(_DAT_40b70560 + 0x44), pcVar11 != (code *)0x0)) {
    *DAT_40b70570 = 0;
    puVar6[1] = 0;
    (*pcVar11)(0x12,uVar8,uVar9,puVar6);
  }
  uVar8 = DAT_40b70574;
  _DAT_ef000010 = 0;
  do {
    do {
      if (*puVar2 == 0) {
        uVar9 = 1;
      }
      else {
        local_30 = (undefined *)thunk_FUN_40c7a56c(*puVar2);
        FUN_405cd024(0);
        DataMemoryBarrier(0x1f);
        thunk_FUN_40c7a5a4(local_30);
        FUN_40584eaa(0x1e);
        local_30 = (undefined *)thunk_FUN_40c7a56c();
        thunk_EXT_FUN_040177c4(0);
        DataMemoryBarrier(0x1f);
        thunk_FUN_40c7a5a4(local_30);
        FUN_40584e74(10);
        FUN_40584eaa(0x15e);
        uVar9 = 2;
      }
      FUN_40626480(uVar9);
      *puVar2 = *puVar2 + 1;
      if (9 < *puVar2) {
        local_30 = &DAT_40b700d0;
        uStack_2c = 0x223;
        FUN_40659628(s__dspInitCnt_<_L1PS_DSP_RST_MAX_C_40b70578,*puVar2,0);
      }
      iVar10 = FUN_40b6fc64(0xffffffff);
    } while (iVar10 == 0);
    thunk_EXT_FUN_04001e5c();
    FUN_40b066a8(0x29);
    FUN_40b06616();
    _DAT_ef000010 = uVar8;
    iVar10 = FUN_40b6fc64(DAT_40b7059c);
    puVar6 = DAT_40b705a0;
    uVar5 = s_BDSP_DOWN_40b70563._5_4_;
    uVar9 = s_BDSP_DOWN_40b70563._1_4_;
  } while (iVar10 == 0);
  _DAT_ef000010 = 0xb824;
  if ((*piVar4 != 0) && (pcVar11 = *(code **)(iVar1 + 0x48), pcVar11 != (code *)0x0)) {
    *DAT_40b705a0 = 0;
    puVar6[1] = 0;
    (*pcVar11)(0x22,uVar9,uVar5,puVar6);
  }
  FUN_406258f0();
  *puVar3 = 1;
  return;
}

 (GhidraScript)  
INFO  dsp_desc2.java> 
######## FUNC @ 0x40b6fd10 ######## (GhidraScript)  
INFO  dsp_desc2.java> 
/* WARNING: Globals starting with '_' overlap smaller symbols at the same address */

void FUN_40b6fd10(void)

{
  int *piVar1;
  int iVar2;
  undefined2 uVar3;
  int iVar4;
  undefined4 uVar5;
  undefined *local_28;
  undefined4 uStack_24;
  
  piVar1 = _DAT_40b700cc;
  _DAT_40b700cc[0x16] = 0xffff;
  *(undefined1 *)(piVar1 + 0x17) = 0;
  piVar1[0x18] = 0;
  iVar4 = _DAT_40b70110;
  _DAT_ef000010 = 0;
  *(undefined2 *)(_DAT_40b70110 + 0x2c) = 0xfa1e;
  *(undefined2 *)((int)piVar1 + 0x66) = 0;
  *(undefined2 *)(piVar1 + 0x19) = 0;
  piVar1[0x1a] = 0;
  uVar5 = thunk_EXT_FUN_0401858c();
  *(undefined4 *)(&DAT_fffe900c + iVar4) = uVar5;
  uVar5 = thunk_EXT_FUN_04018576();
  *(undefined4 *)(&DAT_fffe9010 + iVar4) = uVar5;
  FUN_40626480(0);
  FUN_40b6fc64(0xffffffff);
  FUN_40d6c128();
  *(uint *)(iVar4 + 0x44) = (uint)*(ushort *)(_DAT_40b70114 + 0x16);
  FUN_405ca60a();
  uVar3 = FUN_40c4501e();
  *(undefined2 *)(iVar4 + -0x117e8) = uVar3;
  uVar3 = FUN_40c44ff6();
  *(undefined2 *)((int)piVar1 + 0xe82e) = uVar3;
  uVar3 = FUN_40c44ffe();
  *(undefined2 *)((int)piVar1 + 0xe832) = uVar3;
  uVar3 = FUN_40c45006();
  *(undefined2 *)(piVar1 + 0x3a0d) = uVar3;
  uVar3 = FUN_40c4500e();
  *(undefined2 *)((int)piVar1 + 0x16742) = uVar3;
  uVar3 = FUN_40c45048();
  *(undefined2 *)(piVar1 + 0x3a0c) = uVar3;
  uVar3 = FUN_40c45026();
  *(undefined2 *)((int)piVar1 + 0xe836) = uVar3;
  uVar3 = FUN_40c44ff6();
  *(undefined2 *)((int)piVar1 + 0x250fa) = uVar3;
  uVar3 = FUN_40c44ffe();
  *(undefined2 *)((int)piVar1 + 0x250fe) = uVar3;
  uVar3 = FUN_40c45006();
  *(undefined2 *)(piVar1 + 0x9440) = uVar3;
  uVar3 = FUN_40c4500e();
  *(undefined2 *)((int)piVar1 + 0x2d00e) = uVar3;
  uVar3 = FUN_40c45048();
  *(undefined2 *)(piVar1 + 0x943f) = uVar3;
  uVar3 = FUN_40c45026();
  *(undefined2 *)((int)piVar1 + 0x25102) = uVar3;
  *(undefined2 *)(piVar1 + 0x3a0e) = 0;
  *(undefined2 *)(piVar1 + 0x9441) = 0;
  iVar2 = _DAT_40b70118;
  piVar1[0x49b0] = _DAT_40b70118;
  piVar1[0xa3e3] = iVar2;
  uVar3 = FUN_40c862e4(0);
  *(undefined2 *)(piVar1 + 0x3c95) = uVar3;
  uVar3 = FUN_40c862e4(1);
  *(undefined2 *)(piVar1 + 0x96c8) = uVar3;
  local_28 = (undefined *)CONCAT31(local_28._1_3_,1);
  FUN_40d1b28e(0x159,&local_28);
  *(ushort *)((int)piVar1 + 0xf256) = (ushort)(((uint)local_28 & 0xff) == 0);
  local_28 = (undefined *)CONCAT31(local_28._1_3_,1);
  FUN_40d1b28e(0x159,&local_28);
  *(ushort *)((int)piVar1 + 0x25b22) = (ushort)(((uint)local_28 & 0xff) == 0);
  *(undefined2 *)(piVar1 + 0x3c96) = 0;
  *(undefined2 *)(piVar1 + 0x96c9) = 0;
  uVar5 = thunk_EXT_FUN_0401858c();
  *(undefined4 *)(&DAT_fffe900c + iVar4) = uVar5;
  uVar5 = thunk_EXT_FUN_04018576();
  *(undefined4 *)(&DAT_fffe9010 + iVar4) = uVar5;
  *(undefined4 *)(iVar4 + -0x16fec) = 1;
  _DAT_ef000010 = _DAT_40b7011c;
  FUN_40b6fc64(~_DAT_40b7011c);
  _DAT_ef000010 = 0xb824;
  if ((*piVar1 != 0x8d) || (piVar1[1] != 0x11e)) {
    local_28 = &DAT_40b700d0;
    uStack_24 = 0xdf;
    FUN_4065973a(0x40b700e4,0x8d,0x11e,*piVar1);
  }
  FUN_410e3c90();
  FUN_406258f0();
  iVar4 = thunk_EXT_FUN_04004e14(DAT_40625d18,0,0x40625945,DAT_40625d14);
  if (iVar4 == 0) {
    FUN_4057d632(&stack0xfffffff0,DAT_40625cfc);
    thunk_EXT_FUN_04005172(*(undefined4 *)(DAT_40625d0c + 0x34),0,0);
    return;
  }
  FUN_4057d632(&stack0xfffffff0,DAT_40625cfc);
  return;
}

 (GhidraScript)  
INFO  dsp_desc2.java> 
######## FUNC @ 0x40b46eb8 ######## (GhidraScript)  
INFO  dsp_desc2.java> 
/* WARNING: Globals starting with '_' overlap smaller symbols at the same address */

void FUN_40b46eb8(void)

{
  undefined4 uVar1;
  int iVar2;
  undefined4 local_10;
  undefined4 uStack_c;
  
  uVar1 = DAT_40b472b8;
  _DAT_ef000010 = DAT_40b472b8;
  FUN_40b340ac(0xc);
  DataMemoryBarrier(0x1f);
  iVar2 = FUN_40b6fc9a(uVar1,1000);
  if (iVar2 != 0) {
    local_10 = DAT_40b472c0;
    uStack_c = 0x1be1;
    FUN_4057d632(&local_10,DAT_40b472bc);
    return;
  }
  local_10 = DAT_40b472c4;
  uStack_c = 0x1be1;
  FUN_4057d632(&local_10,DAT_40b472bc);
  return;
}

 (GhidraScript)  
INFO  dsp_desc2.java> 
######## FUNC @ 0x40b46e12 ######## (GhidraScript)  
INFO  dsp_desc2.java> 
/* WARNING: Globals starting with '_' overlap smaller symbols at the same address */

void FUN_40b46e12(void)

{
  int iVar1;
  undefined4 local_10;
  undefined4 uStack_c;
  
  _DAT_ef000010 = _DAT_40b46ea8;
  DataMemoryBarrier(0x1f);
  iVar1 = FUN_40b6fc9a(_DAT_40b46eac,500);
  if (iVar1 != 0) {
    local_10 = _DAT_40b46eb0;
    uStack_c = 0x1be1;
    FUN_4057d632(&local_10,_DAT_40b46e68);
    return;
  }
  local_10 = _DAT_40b46eb4;
  uStack_c = 0x1be1;
  FUN_4057d632(&local_10,_DAT_40b46e68);
  return;
}

 (GhidraScript)  
INFO  dsp_desc2.java> 
######## FUNC @ 0x40623994 ######## (GhidraScript)  
INFO  dsp_desc2.java> 
/* WARNING: Globals starting with '_' overlap smaller symbols at the same address */

void FUN_40623994(undefined4 param_1,int param_2,undefined4 param_3)

{
  short sVar1;
  uint *puVar2;
  short *psVar3;
  undefined4 *puVar4;
  undefined4 *puVar5;
  short *psVar6;
  uint uVar7;
  int iVar8;
  int iVar9;
  undefined4 uVar10;
  undefined4 uVar11;
  undefined4 uVar12;
  uint uVar13;
  
  puVar2 = DAT_40623d9c;
  if (((DAT_40623d9c[1] != DAT_40623da0) && (iVar8 = FUN_4064eee8(), iVar8 == 1)) &&
     (iVar8 = FUN_4064eef4(), iVar8 < 10)) {
    *DAT_4064eee4 = *DAT_4064eee4 + 1;
    return;
  }
  iVar9 = FUN_405ccef2(0);
  puVar4 = DAT_40623dac;
  iVar8 = DAT_40623da8;
  psVar3 = DAT_40623da4;
  if (iVar9 != 0) {
    uVar10 = DAT_40623dac[1];
    uVar11 = DAT_40623dac[2];
    uVar12 = DAT_40623dac[3];
    *(undefined4 *)(DAT_40623da8 + 0x70) = *DAT_40623dac;
    *(undefined4 *)(iVar8 + 0x74) = uVar10;
    *(undefined4 *)(iVar8 + 0x78) = uVar11;
    *(undefined4 *)(iVar8 + 0x7c) = uVar12;
    uVar10 = puVar4[5];
    uVar11 = puVar4[6];
    uVar12 = puVar4[7];
    *(undefined4 *)(iVar8 + 0x80) = puVar4[4];
    *(undefined4 *)(iVar8 + 0x84) = uVar10;
    *(undefined4 *)(iVar8 + 0x88) = uVar11;
    *(undefined4 *)(iVar8 + 0x8c) = uVar12;
    uVar10 = puVar4[9];
    uVar11 = puVar4[10];
    uVar12 = puVar4[0xb];
    *(undefined4 *)(iVar8 + 0x90) = puVar4[8];
    *(undefined4 *)(iVar8 + 0x94) = uVar10;
    *(undefined4 *)(iVar8 + 0x98) = uVar11;
    *(undefined4 *)(iVar8 + 0x9c) = uVar12;
    uVar11 = puVar4[0xd];
    uVar10 = puVar4[0xe];
    *(undefined4 *)(iVar8 + 0xa0) = puVar4[0xc];
    *(undefined4 *)(iVar8 + 0xa4) = uVar11;
    *(undefined4 *)(iVar8 + 0xa8) = uVar10;
    puVar5 = DAT_40623db4;
    puVar4 = DAT_40623db0;
    *DAT_40623db4 = *DAT_40623db0;
    puVar5[1] = puVar4[1];
    puVar5[2] = puVar4[2];
    puVar5[3] = puVar4[3];
    puVar5[4] = puVar4[4];
    puVar5[5] = puVar4[5];
    puVar5[6] = puVar4[6];
    puVar5[7] = puVar4[7];
    puVar5[8] = puVar4[8];
    puVar5[9] = puVar4[9];
    puVar5[10] = puVar4[10];
    puVar5[0xb] = puVar4[0xb];
    puVar5[0xc] = puVar4[0xc];
    puVar5[0xd] = puVar4[0xd];
    puVar5[0xe] = puVar4[0xe];
    puVar5[0xf] = puVar4[0xf];
    puVar5[0x10] = puVar4[0x10];
    puVar5[0x11] = puVar4[0x11];
    puVar5[0x12] = puVar4[0x12];
    puVar5[0x13] = puVar4[0x13];
    puVar5[0x14] = puVar4[0x14];
    puVar5[0x15] = puVar4[0x15];
    puVar5[0x16] = puVar4[0x16];
    puVar5[0x17] = puVar4[0x17];
    puVar5[0x18] = puVar4[0x18];
    puVar5[0x19] = puVar4[0x19];
    puVar5[0x1a] = puVar4[0x1a];
    puVar5[0x1b] = puVar4[0x1b];
    puVar5[0x1c] = puVar4[0x1c];
    puVar5[0x1d] = puVar4[0x1d];
    puVar5[0x1e] = puVar4[0x1e];
    puVar5[0x1f] = puVar4[0x1f];
    puVar5[0x20] = puVar4[0x20];
    puVar5[0x21] = puVar4[0x21];
    puVar5[0x22] = puVar4[0x22];
    puVar5[0x23] = puVar4[0x23];
    puVar5[0x24] = puVar4[0x24];
    puVar5[0x25] = puVar4[0x25];
    puVar5[0x26] = puVar4[0x26];
    puVar5[0x27] = puVar4[0x27];
    puVar5[0x28] = puVar4[0x28];
    puVar5[0x29] = puVar4[0x29];
    puVar5[0x2a] = puVar4[0x2a];
    puVar5[0x2b] = puVar4[0x2b];
    puVar5[0x2c] = puVar4[0x2c];
    puVar5[0x2d] = puVar4[0x2d];
    puVar5[0x2e] = puVar4[0x2e];
    puVar5[0x2f] = puVar4[0x2f];
    puVar5[0x30] = puVar4[0x30];
    puVar5[0x31] = puVar4[0x31];
    puVar5[0x32] = puVar4[0x32];
    puVar5[0x33] = puVar4[0x33];
    puVar5[0x34] = puVar4[0x34];
    puVar5[0x35] = puVar4[0x35];
    puVar5[0x36] = puVar4[0x36];
    puVar5[0x37] = puVar4[0x37];
    puVar5[0x38] = puVar4[0x38];
    puVar5[0x39] = puVar4[0x39];
    puVar5[0x3a] = puVar4[0x3a];
    puVar5[0x3b] = puVar4[0x3b];
    puVar5[0x3c] = puVar4[0x3c];
    puVar5[0x3d] = puVar4[0x3d];
    puVar5[0x3e] = puVar4[0x3e];
    puVar5[0x3f] = puVar4[0x3f];
    puVar5[0x40] = puVar4[0x40];
    puVar5[0x41] = puVar4[0x41];
    puVar5[0x42] = puVar4[0x42];
    puVar5[0x43] = puVar4[0x43];
    puVar5[0x44] = puVar4[0x44];
    puVar5[0x45] = puVar4[0x45];
    puVar5[0x46] = puVar4[0x46];
    puVar5[0x47] = puVar4[0x47];
    puVar5[0x48] = puVar4[0x48];
    puVar5[0x49] = puVar4[0x49];
    puVar5[0x4a] = puVar4[0x4a];
    puVar5[0x4b] = puVar4[0x4b];
    puVar5[0x4c] = puVar4[0x4c];
    puVar5[0x4d] = puVar4[0x4d];
    puVar5[0x4e] = puVar4[0x4e];
    puVar5[0x4f] = puVar4[0x4f];
    puVar5[0x50] = puVar4[0x50];
    puVar5[0x51] = puVar4[0x51];
    puVar5[0x52] = puVar4[0x52];
    puVar5[0x53] = puVar4[0x53];
    puVar5[0x54] = puVar4[0x54];
    puVar5[0x55] = puVar4[0x55];
    puVar5[0x56] = puVar4[0x56];
    puVar5[0x57] = puVar4[0x57];
    puVar5[0x58] = puVar4[0x58];
    puVar5[0x59] = puVar4[0x59];
    puVar5[0x5a] = puVar4[0x5a];
    puVar5[0x5b] = puVar4[0x5b];
    puVar5[0x5c] = puVar4[0x5c];
    puVar5[0x5d] = puVar4[0x5d];
    puVar5[0x5e] = puVar4[0x5e];
    puVar5[0x5f] = puVar4[0x5f];
    puVar5[0x60] = puVar4[0x60];
    puVar5[0x61] = puVar4[0x61];
    puVar5[0x62] = puVar4[0x62];
    puVar5[99] = puVar4[99];
    puVar5[100] = puVar4[100];
    puVar5[0x65] = puVar4[0x65];
    puVar5[0x66] = puVar4[0x66];
    puVar5[0x67] = puVar4[0x67];
    puVar5[0x68] = puVar4[0x68];
    puVar5[0x69] = puVar4[0x69];
    puVar5[0x6a] = puVar4[0x6a];
    puVar5[0x6b] = puVar4[0x6b];
    puVar5[0x6c] = puVar4[0x6c];
    puVar5[0x6d] = puVar4[0x6d];
    puVar5[0x6e] = puVar4[0x6e];
    puVar5[0x6f] = puVar4[0x6f];
    puVar5[0x70] = puVar4[0x70];
    puVar5[0x71] = puVar4[0x71];
    puVar5[0x72] = puVar4[0x72];
    puVar5[0x73] = puVar4[0x73];
    puVar5[0x74] = puVar4[0x74];
    puVar5[0x75] = puVar4[0x75];
    puVar5[0x76] = puVar4[0x76];
    puVar5[0x77] = puVar4[0x77];
    puVar5[0x78] = puVar4[0x78];
    puVar5[0x79] = puVar4[0x79];
    puVar5[0x7a] = puVar4[0x7a];
    puVar5[0x7b] = puVar4[0x7b];
    puVar5[0x7c] = puVar4[0x7c];
    puVar5[0x7d] = puVar4[0x7d];
    puVar5[0x7e] = puVar4[0x7e];
    puVar5[0x7f] = puVar4[0x7f];
    puVar5[0x80] = puVar4[0x80];
    puVar5[0x81] = puVar4[0x81];
    puVar5[0x82] = puVar4[0x82];
    puVar5[0x83] = puVar4[0x83];
    puVar5[0x84] = puVar4[0x84];
    puVar5[0x85] = puVar4[0x85];
    puVar5[0x86] = puVar4[0x86];
    puVar5[0x87] = puVar4[0x87];
    puVar5[0x88] = puVar4[0x88];
    puVar5[0x89] = puVar4[0x89];
    puVar5[0x8a] = puVar4[0x8a];
    puVar5[0x8b] = puVar4[0x8b];
    puVar5[0x8c] = puVar4[0x8c];
    puVar5[0x8d] = puVar4[0x8d];
    puVar5[0x8e] = puVar4[0x8e];
    puVar5[0x8f] = puVar4[0x8f];
    puVar5[0x90] = puVar4[0x90];
    puVar5[0x91] = puVar4[0x91];
    puVar5[0x92] = puVar4[0x92];
    puVar5[0x93] = puVar4[0x93];
    puVar5[0x94] = puVar4[0x94];
    puVar5[0x95] = puVar4[0x95];
    puVar5[0x96] = puVar4[0x96];
    puVar5[0x97] = puVar4[0x97];
    puVar5[0x98] = puVar4[0x98];
    puVar5[0x99] = puVar4[0x99];
    puVar5[0x9a] = puVar4[0x9a];
    puVar5[0x9b] = puVar4[0x9b];
    puVar5[0x9c] = puVar4[0x9c];
    puVar5[0x9d] = puVar4[0x9d];
    puVar5[0x9e] = puVar4[0x9e];
    puVar5[0x9f] = puVar4[0x9f];
    puVar5[0xa0] = puVar4[0xa0];
    puVar5[0xa1] = puVar4[0xa1];
    puVar5[0xa2] = puVar4[0xa2];
    puVar5[0xa3] = puVar4[0xa3];
    puVar5[0xa4] = puVar4[0xa4];
    puVar5[0xa5] = puVar4[0xa5];
    puVar5[0xa6] = puVar4[0xa6];
    puVar5[0xa7] = puVar4[0xa7];
    puVar5[0xa8] = puVar4[0xa8];
    puVar5[0xa9] = puVar4[0xa9];
    puVar5[0xaa] = puVar4[0xaa];
    puVar5[0xab] = puVar4[0xab];
    puVar5[0xac] = puVar4[0xac];
    puVar5[0xad] = puVar4[0xad];
    puVar5[0xae] = puVar4[0xae];
    puVar5[0xaf] = puVar4[0xaf];
    puVar5[0xb0] = puVar4[0xb0];
    puVar5[0xb1] = puVar4[0xb1];
    puVar5[0xb2] = puVar4[0xb2];
    puVar5[0xb3] = puVar4[0xb3];
    puVar5[0xb4] = puVar4[0xb4];
    puVar5[0xb5] = puVar4[0xb5];
    puVar5[0xb6] = puVar4[0xb6];
    puVar5[0xb7] = puVar4[0xb7];
    puVar5[0xb8] = puVar4[0xb8];
    puVar5[0xb9] = puVar4[0xb9];
    puVar5[0xba] = puVar4[0xba];
    puVar5[0xbb] = puVar4[0xbb];
    puVar5[0xbc] = puVar4[0xbc];
    puVar5[0xbd] = puVar4[0xbd];
    puVar5[0xbe] = puVar4[0xbe];
    puVar5[0xbf] = puVar4[0xbf];
    puVar5[0xc0] = puVar4[0xc0];
    puVar5[0xc1] = puVar4[0xc1];
    puVar5[0xc2] = puVar4[0xc2];
    puVar5[0xc3] = puVar4[0xc3];
    puVar5[0xc4] = puVar4[0xc4];
    puVar5[0xc5] = puVar4[0xc5];
    puVar5[0xc6] = puVar4[0xc6];
    puVar5[199] = puVar4[199];
    puVar5[200] = puVar4[200];
    puVar5[0xc9] = puVar4[0xc9];
    puVar5[0xca] = puVar4[0xca];
    puVar5[0xcb] = puVar4[0xcb];
    puVar5[0xcc] = puVar4[0xcc];
    puVar5[0xcd] = puVar4[0xcd];
    puVar5[0xce] = puVar4[0xce];
    puVar5[0xcf] = puVar4[0xcf];
    puVar5[0xd0] = puVar4[0xd0];
    puVar5[0xd1] = puVar4[0xd1];
    puVar5[0xd2] = puVar4[0xd2];
    puVar5[0xd3] = puVar4[0xd3];
    puVar5[0xd4] = puVar4[0xd4];
    puVar5[0xd5] = puVar4[0xd5];
    puVar5[0xd6] = puVar4[0xd6];
    puVar5[0xd7] = puVar4[0xd7];
    puVar5[0xd8] = puVar4[0xd8];
    puVar5[0xd9] = puVar4[0xd9];
    puVar5[0xda] = puVar4[0xda];
    puVar5[0xdb] = puVar4[0xdb];
    puVar5[0xdc] = puVar4[0xdc];
    puVar5[0xdd] = puVar4[0xdd];
    puVar5[0xde] = puVar4[0xde];
    puVar5[0xdf] = puVar4[0xdf];
    puVar5[0xe0] = puVar4[0xe0];
    puVar5[0xe1] = puVar4[0xe1];
    puVar5[0xe2] = puVar4[0xe2];
    puVar5[0xe3] = puVar4[0xe3];
    puVar5[0xe4] = puVar4[0xe4];
    puVar5[0xe5] = puVar4[0xe5];
    puVar5[0xe6] = puVar4[0xe6];
    puVar5[0xe7] = puVar4[0xe7];
    puVar5[0xe8] = puVar4[0xe8];
    puVar5[0xe9] = puVar4[0xe9];
    puVar5[0xea] = puVar4[0xea];
    puVar5[0xeb] = puVar4[0xeb];
    puVar5[0xec] = puVar4[0xec];
    puVar5[0xed] = puVar4[0xed];
    puVar5[0xee] = puVar4[0xee];
    puVar5[0xef] = puVar4[0xef];
    puVar5[0xf0] = puVar4[0xf0];
    puVar5[0xf1] = puVar4[0xf1];
    puVar5[0xf2] = puVar4[0xf2];
    puVar5[0xf3] = puVar4[0xf3];
    puVar5[0xf4] = puVar4[0xf4];
    puVar5[0xf5] = puVar4[0xf5];
    puVar5[0xf6] = puVar4[0xf6];
    puVar5[0xf7] = puVar4[0xf7];
    puVar5[0xf8] = puVar4[0xf8];
    puVar5[0xf9] = puVar4[0xf9];
    puVar5[0xfa] = puVar4[0xfa];
    puVar5[0xfb] = puVar4[0xfb];
    puVar5[0xfc] = puVar4[0xfc];
    puVar5[0xfd] = puVar4[0xfd];
    puVar5[0xfe] = puVar4[0xfe];
    puVar5[0xff] = puVar4[0xff];
    puVar5[0x100] = puVar4[0x100];
    puVar5[0x101] = puVar4[0x101];
    puVar5[0x102] = puVar4[0x102];
    puVar5[0x103] = puVar4[0x103];
    puVar5[0x104] = puVar4[0x104];
    puVar5[0x105] = puVar4[0x105];
    puVar5[0x106] = puVar4[0x106];
    puVar5[0x107] = puVar4[0x107];
    puVar5[0x108] = puVar4[0x108];
    puVar5[0x109] = puVar4[0x109];
    puVar5[0x10a] = puVar4[0x10a];
    puVar5[0x10b] = puVar4[0x10b];
    puVar5[0x10c] = puVar4[0x10c];
    puVar5[0x10d] = puVar4[0x10d];
    puVar5[0x10e] = puVar4[0x10e];
    puVar5[0x10f] = puVar4[0x10f];
    puVar5[0x110] = puVar4[0x110];
    puVar5[0x111] = puVar4[0x111];
    puVar5[0x112] = puVar4[0x112];
    puVar5[0x113] = puVar4[0x113];
    puVar5[0x114] = puVar4[0x114];
    puVar5[0x115] = puVar4[0x115];
    puVar5[0x116] = puVar4[0x116];
    puVar5[0x117] = puVar4[0x117];
    puVar5[0x118] = puVar4[0x118];
    puVar5[0x119] = puVar4[0x119];
    puVar5[0x11a] = puVar4[0x11a];
    puVar5[0x11b] = puVar4[0x11b];
    puVar5[0x11c] = puVar4[0x11c];
    puVar5[0x11d] = puVar4[0x11d];
    puVar5[0x11e] = puVar4[0x11e];
    puVar5[0x11f] = puVar4[0x11f];
    puVar5[0x120] = puVar4[0x120];
    puVar5[0x121] = puVar4[0x121];
    puVar5[0x122] = puVar4[0x122];
    puVar5[0x123] = puVar4[0x123];
    puVar5[0x124] = puVar4[0x124];
    puVar5[0x125] = puVar4[0x125];
    puVar5[0x126] = puVar4[0x126];
    puVar5[0x127] = puVar4[0x127];
    puVar5[0x128] = puVar4[0x128];
    puVar5[0x129] = puVar4[0x129];
    puVar5[0x12a] = puVar4[0x12a];
    puVar5[299] = puVar4[299];
    puVar5[300] = puVar4[300];
    puVar5[0x12d] = puVar4[0x12d];
    puVar5[0x12e] = puVar4[0x12e];
    puVar5[0x12f] = puVar4[0x12f];
    puVar5[0x130] = puVar4[0x130];
    puVar5[0x131] = puVar4[0x131];
    puVar5[0x132] = puVar4[0x132];
    puVar5[0x133] = puVar4[0x133];
    puVar5[0x134] = puVar4[0x134];
    puVar5[0x135] = puVar4[0x135];
    puVar5[0x136] = puVar4[0x136];
    puVar5[0x137] = puVar4[0x137];
    puVar5[0x138] = puVar4[0x138];
    puVar5[0x139] = puVar4[0x139];
    puVar5[0x13a] = puVar4[0x13a];
    puVar5[0x13b] = puVar4[0x13b];
    puVar5[0x13c] = puVar4[0x13c];
    puVar5[0x13d] = puVar4[0x13d];
    puVar5[0x13e] = puVar4[0x13e];
    puVar5[0x13f] = puVar4[0x13f];
    puVar5[0x140] = puVar4[0x140];
    puVar5[0x141] = puVar4[0x141];
    puVar5[0x142] = puVar4[0x142];
    puVar5[0x143] = puVar4[0x143];
    puVar5[0x144] = puVar4[0x144];
    puVar5[0x145] = puVar4[0x145];
    puVar5[0x146] = puVar4[0x146];
    puVar5[0x147] = puVar4[0x147];
    puVar5[0x148] = puVar4[0x148];
    puVar5[0x149] = puVar4[0x149];
    puVar5[0x14a] = puVar4[0x14a];
    puVar5[0x14b] = puVar4[0x14b];
    puVar5[0x14c] = puVar4[0x14c];
    puVar5[0x14d] = puVar4[0x14d];
    puVar5[0x14e] = puVar4[0x14e];
    puVar5[0x14f] = puVar4[0x14f];
    puVar5[0x150] = puVar4[0x150];
    puVar5[0x151] = puVar4[0x151];
    puVar5[0x152] = puVar4[0x152];
    puVar5[0x153] = puVar4[0x153];
    puVar5[0x154] = puVar4[0x154];
    puVar5[0x155] = puVar4[0x155];
    puVar5[0x156] = puVar4[0x156];
    puVar5[0x157] = puVar4[0x157];
    puVar5[0x158] = puVar4[0x158];
    puVar5[0x159] = puVar4[0x159];
    puVar5[0x15a] = puVar4[0x15a];
    puVar5[0x15b] = puVar4[0x15b];
    puVar5[0x15c] = puVar4[0x15c];
    puVar5[0x15d] = puVar4[0x15d];
    puVar5[0x15e] = puVar4[0x15e];
    puVar5[0x15f] = puVar4[0x15f];
    puVar5[0x160] = puVar4[0x160];
    puVar5[0x161] = puVar4[0x161];
    puVar5[0x162] = puVar4[0x162];
    puVar5[0x163] = puVar4[0x163];
    puVar5[0x164] = puVar4[0x164];
    puVar5[0x165] = puVar4[0x165];
    puVar5[0x166] = puVar4[0x166];
    puVar5[0x167] = puVar4[0x167];
    puVar5[0x168] = puVar4[0x168];
    puVar5[0x169] = puVar4[0x169];
    puVar5[0x16a] = puVar4[0x16a];
    puVar5[0x16b] = puVar4[0x16b];
    puVar5[0x16c] = puVar4[0x16c];
    puVar5[0x16d] = puVar4[0x16d];
    puVar5[0x16e] = puVar4[0x16e];
    puVar5[0x16f] = puVar4[0x16f];
    puVar5[0x170] = puVar4[0x170];
    puVar5[0x171] = puVar4[0x171];
    puVar5[0x172] = puVar4[0x172];
    puVar5[0x173] = puVar4[0x173];
    puVar5[0x174] = puVar4[0x174];
    puVar5[0x175] = puVar4[0x175];
    puVar5[0x176] = puVar4[0x176];
    puVar5[0x177] = puVar4[0x177];
    puVar5[0x178] = puVar4[0x178];
    puVar5[0x179] = puVar4[0x179];
    puVar5[0x17a] = puVar4[0x17a];
    puVar5[0x17b] = puVar4[0x17b];
    puVar5[0x17c] = puVar4[0x17c];
    puVar5[0x17d] = puVar4[0x17d];
    puVar5[0x17e] = puVar4[0x17e];
    puVar5[0x17f] = puVar4[0x17f];
    puVar5[0x180] = puVar4[0x180];
    puVar5[0x181] = puVar4[0x181];
    puVar5[0x182] = puVar4[0x182];
    puVar5[0x183] = puVar4[0x183];
    puVar5[0x184] = puVar4[0x184];
    puVar5[0x185] = puVar4[0x185];
    puVar5[0x186] = puVar4[0x186];
    puVar5[0x187] = puVar4[0x187];
    puVar5[0x188] = puVar4[0x188];
    puVar5[0x189] = puVar4[0x189];
    puVar5[0x18a] = puVar4[0x18a];
    puVar5[0x18b] = puVar4[0x18b];
    puVar5[0x18c] = puVar4[0x18c];
    puVar5[0x18d] = puVar4[0x18d];
    puVar5[0x18e] = puVar4[0x18e];
    puVar5[399] = puVar4[399];
    puVar5[400] = puVar4[400];
    puVar5[0x191] = puVar4[0x191];
    puVar5[0x192] = puVar4[0x192];
    puVar5[0x193] = puVar4[0x193];
    puVar5[0x194] = puVar4[0x194];
    puVar5[0x195] = puVar4[0x195];
    puVar5[0x196] = puVar4[0x196];
    puVar5[0x197] = puVar4[0x197];
    puVar5[0x198] = puVar4[0x198];
    puVar5[0x199] = puVar4[0x199];
    puVar5[0x19a] = puVar4[0x19a];
    puVar5[0x19b] = puVar4[0x19b];
    puVar5[0x19c] = puVar4[0x19c];
    puVar5[0x19d] = puVar4[0x19d];
    puVar5[0x19e] = puVar4[0x19e];
    puVar5[0x19f] = puVar4[0x19f];
    puVar5[0x1a0] = puVar4[0x1a0];
    puVar5[0x1a1] = puVar4[0x1a1];
    puVar5[0x1a2] = puVar4[0x1a2];
    puVar5[0x1a3] = puVar4[0x1a3];
    puVar5[0x1a4] = puVar4[0x1a4];
    puVar5[0x1a5] = puVar4[0x1a5];
    puVar5[0x1a6] = puVar4[0x1a6];
    puVar5[0x1a7] = puVar4[0x1a7];
    puVar5[0x1a8] = puVar4[0x1a8];
    puVar5[0x1a9] = puVar4[0x1a9];
    puVar5[0x1aa] = puVar4[0x1aa];
    puVar5[0x1ab] = puVar4[0x1ab];
    puVar5[0x1ac] = puVar4[0x1ac];
    puVar5[0x1ad] = puVar4[0x1ad];
    puVar5[0x1ae] = puVar4[0x1ae];
    puVar5[0x1af] = puVar4[0x1af];
    puVar5[0x1b0] = puVar4[0x1b0];
    puVar5[0x1b1] = puVar4[0x1b1];
    puVar5[0x1b2] = puVar4[0x1b2];
    puVar5[0x1b3] = puVar4[0x1b3];
    puVar5[0x1b4] = puVar4[0x1b4];
    puVar5[0x1b5] = puVar4[0x1b5];
    puVar5[0x1b6] = puVar4[0x1b6];
    puVar5[0x1b7] = puVar4[0x1b7];
    puVar5[0x1b8] = puVar4[0x1b8];
    puVar5[0x1b9] = puVar4[0x1b9];
    puVar5[0x1ba] = puVar4[0x1ba];
    puVar5[0x1bb] = puVar4[0x1bb];
    puVar5[0x1bc] = puVar4[0x1bc];
    puVar5[0x1bd] = puVar4[0x1bd];
    puVar5[0x1be] = puVar4[0x1be];
    puVar5[0x1bf] = puVar4[0x1bf];
    puVar5[0x1c0] = puVar4[0x1c0];
    puVar5[0x1c1] = puVar4[0x1c1];
    puVar5[0x1c2] = puVar4[0x1c2];
    puVar5[0x1c3] = puVar4[0x1c3];
    puVar5[0x1c4] = puVar4[0x1c4];
    puVar5[0x1c5] = puVar4[0x1c5];
    puVar5[0x1c6] = puVar4[0x1c6];
    puVar5[0x1c7] = puVar4[0x1c7];
    puVar5[0x1c8] = puVar4[0x1c8];
    puVar5[0x1c9] = puVar4[0x1c9];
    puVar5[0x1ca] = puVar4[0x1ca];
    puVar5[0x1cb] = puVar4[0x1cb];
    puVar5[0x1cc] = puVar4[0x1cc];
    puVar5[0x1cd] = puVar4[0x1cd];
    puVar5[0x1ce] = puVar4[0x1ce];
    puVar5[0x1cf] = puVar4[0x1cf];
    puVar5[0x1d0] = puVar4[0x1d0];
    puVar5[0x1d1] = puVar4[0x1d1];
    puVar5[0x1d2] = puVar4[0x1d2];
    puVar5[0x1d3] = puVar4[0x1d3];
    puVar5[0x1d4] = puVar4[0x1d4];
    puVar5[0x1d5] = puVar4[0x1d5];
    puVar5[0x1d6] = puVar4[0x1d6];
    puVar5[0x1d7] = puVar4[0x1d7];
    puVar5[0x1d8] = puVar4[0x1d8];
    puVar5[0x1d9] = puVar4[0x1d9];
    puVar5[0x1da] = puVar4[0x1da];
    puVar5[0x1db] = puVar4[0x1db];
    puVar5[0x1dc] = puVar4[0x1dc];
    puVar5[0x1dd] = puVar4[0x1dd];
    puVar5[0x1de] = puVar4[0x1de];
    puVar5[0x1df] = puVar4[0x1df];
    puVar5[0x1e0] = puVar4[0x1e0];
    puVar5[0x1e1] = puVar4[0x1e1];
    puVar5[0x1e2] = puVar4[0x1e2];
    puVar5[0x1e3] = puVar4[0x1e3];
    puVar5[0x1e4] = puVar4[0x1e4];
    puVar5[0x1e5] = puVar4[0x1e5];
    puVar5[0x1e6] = puVar4[0x1e6];
    puVar5[0x1e7] = puVar4[0x1e7];
    puVar5[0x1e8] = puVar4[0x1e8];
    puVar5[0x1e9] = puVar4[0x1e9];
    puVar5[0x1ea] = puVar4[0x1ea];
    puVar5[0x1eb] = puVar4[0x1eb];
    puVar5[0x1ec] = puVar4[0x1ec];
    puVar5[0x1ed] = puVar4[0x1ed];
    puVar5[0x1ee] = puVar4[0x1ee];
    puVar5[0x1ef] = puVar4[0x1ef];
    puVar5[0x1f0] = puVar4[0x1f0];
    puVar5[0x1f1] = puVar4[0x1f1];
    puVar5[0x1f2] = puVar4[0x1f2];
    puVar5[499] = puVar4[499];
    puVar5[500] = puVar4[500];
    puVar5[0x1f5] = puVar4[0x1f5];
    puVar5[0x1f6] = puVar4[0x1f6];
    puVar5[0x1f7] = puVar4[0x1f7];
    puVar5[0x1f8] = puVar4[0x1f8];
    puVar5[0x1f9] = puVar4[0x1f9];
    puVar5[0x1fa] = puVar4[0x1fa];
    puVar5[0x1fb] = puVar4[0x1fb];
    puVar5[0x1fc] = puVar4[0x1fc];
    puVar5[0x1fd] = puVar4[0x1fd];
    puVar5[0x1fe] = puVar4[0x1fe];
    puVar5[0x1ff] = puVar4[0x1ff];
    puVar5[0x200] = puVar4[0x200];
    puVar5[0x201] = puVar4[0x201];
    puVar5[0x202] = puVar4[0x202];
    puVar5[0x203] = puVar4[0x203];
    puVar5[0x204] = puVar4[0x204];
    puVar5[0x205] = puVar4[0x205];
    puVar5[0x206] = puVar4[0x206];
    puVar5[0x207] = puVar4[0x207];
    puVar5[0x208] = puVar4[0x208];
    puVar5[0x209] = puVar4[0x209];
    puVar5[0x20a] = puVar4[0x20a];
    puVar5[0x20b] = puVar4[0x20b];
    puVar5[0x20c] = puVar4[0x20c];
    puVar5[0x20d] = puVar4[0x20d];
    puVar5[0x20e] = puVar4[0x20e];
    puVar5[0x20f] = puVar4[0x20f];
    puVar5[0x210] = puVar4[0x210];
    puVar5[0x211] = puVar4[0x211];
    puVar5[0x212] = puVar4[0x212];
    puVar5[0x213] = puVar4[0x213];
    puVar5[0x214] = puVar4[0x214];
    puVar5[0x215] = puVar4[0x215];
    puVar5[0x216] = puVar4[0x216];
    puVar5[0x217] = puVar4[0x217];
    puVar5[0x218] = puVar4[0x218];
    puVar5[0x219] = puVar4[0x219];
    puVar5[0x21a] = puVar4[0x21a];
    puVar5[0x21b] = puVar4[0x21b];
    puVar5[0x21c] = puVar4[0x21c];
    puVar5[0x21d] = puVar4[0x21d];
    puVar5[0x21e] = puVar4[0x21e];
    puVar5[0x21f] = puVar4[0x21f];
    puVar5[0x220] = puVar4[0x220];
    puVar5[0x221] = puVar4[0x221];
    puVar5[0x222] = puVar4[0x222];
    puVar5[0x223] = puVar4[0x223];
    puVar5[0x224] = puVar4[0x224];
    puVar5[0x225] = puVar4[0x225];
    puVar5[0x226] = puVar4[0x226];
    puVar5[0x227] = puVar4[0x227];
    puVar5[0x228] = puVar4[0x228];
    puVar5[0x229] = puVar4[0x229];
    puVar5[0x22a] = puVar4[0x22a];
    puVar5[0x22b] = puVar4[0x22b];
    puVar5[0x22c] = puVar4[0x22c];
    puVar5[0x22d] = puVar4[0x22d];
    puVar5[0x22e] = puVar4[0x22e];
    puVar5[0x22f] = puVar4[0x22f];
    puVar5[0x230] = puVar4[0x230];
    puVar5[0x231] = puVar4[0x231];
    puVar5[0x232] = puVar4[0x232];
    puVar5[0x233] = puVar4[0x233];
    puVar5[0x234] = puVar4[0x234];
    puVar5[0x235] = puVar4[0x235];
    puVar5[0x236] = puVar4[0x236];
    puVar5[0x237] = puVar4[0x237];
    puVar5[0x238] = puVar4[0x238];
    puVar5[0x239] = puVar4[0x239];
    puVar5[0x23a] = puVar4[0x23a];
    puVar5[0x23b] = puVar4[0x23b];
    puVar5[0x23c] = puVar4[0x23c];
    puVar5[0x23d] = puVar4[0x23d];
    puVar5[0x23e] = puVar4[0x23e];
    puVar5[0x23f] = puVar4[0x23f];
    puVar5[0x240] = puVar4[0x240];
    puVar5[0x241] = puVar4[0x241];
    puVar5[0x242] = puVar4[0x242];
    puVar5[0x243] = puVar4[0x243];
    puVar5[0x244] = puVar4[0x244];
    puVar5[0x245] = puVar4[0x245];
    puVar5[0x246] = puVar4[0x246];
    puVar5[0x247] = puVar4[0x247];
    puVar5[0x248] = puVar4[0x248];
    puVar5[0x249] = puVar4[0x249];
    puVar5[0x24a] = puVar4[0x24a];
    puVar5[0x24b] = puVar4[0x24b];
    puVar5[0x24c] = puVar4[0x24c];
    puVar5[0x24d] = puVar4[0x24d];
    puVar5[0x24e] = puVar4[0x24e];
    puVar5[0x24f] = puVar4[0x24f];
    puVar5[0x250] = puVar4[0x250];
    puVar5[0x251] = puVar4[0x251];
    puVar5[0x252] = puVar4[0x252];
    puVar5[0x253] = puVar4[0x253];
    puVar5[0x254] = puVar4[0x254];
    puVar5[0x255] = puVar4[0x255];
    puVar5[0x256] = puVar4[0x256];
    puVar5[599] = puVar4[599];
    puVar5[600] = puVar4[600];
    puVar5[0x259] = puVar4[0x259];
    puVar5[0x25a] = puVar4[0x25a];
    puVar5[0x25b] = puVar4[0x25b];
    puVar5[0x25c] = puVar4[0x25c];
    puVar5[0x25d] = puVar4[0x25d];
    puVar5[0x25e] = puVar4[0x25e];
    puVar5[0x25f] = puVar4[0x25f];
    puVar5[0x260] = puVar4[0x260];
    puVar5[0x261] = puVar4[0x261];
    puVar5[0x262] = puVar4[0x262];
    puVar5[0x263] = puVar4[0x263];
    puVar5[0x264] = puVar4[0x264];
    puVar5[0x265] = puVar4[0x265];
    puVar5[0x266] = puVar4[0x266];
    puVar5[0x267] = puVar4[0x267];
    puVar5[0x268] = puVar4[0x268];
    puVar5[0x269] = puVar4[0x269];
    puVar5[0x26a] = puVar4[0x26a];
    puVar5[0x26b] = puVar4[0x26b];
    puVar5[0x26c] = puVar4[0x26c];
    puVar5[0x26d] = puVar4[0x26d];
    puVar5[0x26e] = puVar4[0x26e];
    puVar5[0x26f] = puVar4[0x26f];
    puVar5[0x270] = puVar4[0x270];
    puVar5[0x271] = puVar4[0x271];
    puVar5[0x272] = puVar4[0x272];
    puVar5[0x273] = puVar4[0x273];
    puVar5[0x274] = puVar4[0x274];
    puVar5[0x275] = puVar4[0x275];
    puVar5[0x276] = puVar4[0x276];
    puVar5[0x277] = puVar4[0x277];
    puVar5[0x278] = puVar4[0x278];
    puVar5[0x279] = puVar4[0x279];
    puVar5[0x27a] = puVar4[0x27a];
    puVar5[0x27b] = puVar4[0x27b];
    puVar5[0x27c] = puVar4[0x27c];
    puVar5[0x27d] = puVar4[0x27d];
    puVar5[0x27e] = puVar4[0x27e];
    puVar5[0x27f] = puVar4[0x27f];
    puVar5[0x280] = puVar4[0x280];
    puVar5[0x281] = puVar4[0x281];
    puVar5[0x282] = puVar4[0x282];
    puVar5[0x283] = puVar4[0x283];
    puVar5[0x284] = puVar4[0x284];
    puVar5[0x285] = puVar4[0x285];
    puVar5[0x286] = puVar4[0x286];
    puVar5[0x287] = puVar4[0x287];
    puVar5[0x288] = puVar4[0x288];
    puVar5[0x289] = puVar4[0x289];
    puVar5[0x28a] = puVar4[0x28a];
    puVar5[0x28b] = puVar4[0x28b];
    puVar5[0x28c] = puVar4[0x28c];
    puVar5[0x28d] = puVar4[0x28d];
    puVar5[0x28e] = puVar4[0x28e];
    puVar5[0x28f] = puVar4[0x28f];
    puVar5[0x290] = puVar4[0x290];
    puVar5[0x291] = puVar4[0x291];
    puVar5[0x292] = puVar4[0x292];
    puVar5[0x293] = puVar4[0x293];
    puVar5[0x294] = puVar4[0x294];
    puVar5[0x295] = puVar4[0x295];
    puVar5[0x296] = puVar4[0x296];
    puVar5[0x297] = puVar4[0x297];
    puVar5[0x298] = puVar4[0x298];
    puVar5[0x299] = puVar4[0x299];
    puVar5[0x29a] = puVar4[0x29a];
    puVar5[0x29b] = puVar4[0x29b];
    puVar5[0x29c] = puVar4[0x29c];
    puVar5[0x29d] = puVar4[0x29d];
    puVar5[0x29e] = puVar4[0x29e];
    puVar5[0x29f] = puVar4[0x29f];
    puVar5[0x2a0] = puVar4[0x2a0];
    puVar5[0x2a1] = puVar4[0x2a1];
    puVar5[0x2a2] = puVar4[0x2a2];
    puVar5[0x2a3] = puVar4[0x2a3];
    puVar5[0x2a4] = puVar4[0x2a4];
    puVar5[0x2a5] = puVar4[0x2a5];
    puVar5[0x2a6] = puVar4[0x2a6];
    puVar5[0x2a7] = puVar4[0x2a7];
    puVar5[0x2a8] = puVar4[0x2a8];
    puVar5[0x2a9] = puVar4[0x2a9];
    puVar5[0x2aa] = puVar4[0x2aa];
    puVar5[0x2ab] = puVar4[0x2ab];
    puVar5[0x2ac] = puVar4[0x2ac];
    puVar5[0x2ad] = puVar4[0x2ad];
    puVar5[0x2ae] = puVar4[0x2ae];
    puVar5[0x2af] = puVar4[0x2af];
    puVar5[0x2b0] = puVar4[0x2b0];
    puVar5[0x2b1] = puVar4[0x2b1];
    puVar5[0x2b2] = puVar4[0x2b2];
    puVar5[0x2b3] = puVar4[0x2b3];
    puVar5[0x2b4] = puVar4[0x2b4];
    puVar5[0x2b5] = puVar4[0x2b5];
    puVar5[0x2b6] = puVar4[0x2b6];
    puVar5[0x2b7] = puVar4[0x2b7];
    puVar2[2] = _DAT_ef000024;
    puVar2[3] = _DAT_ef000028;
    if (*psVar3 == 0) {
      FUN_40b340ac(0);
      uVar7 = DAT_40625064;
      psVar6 = DAT_40625060;
      uVar13 = 0;
      sVar1 = *DAT_40625060;
      while (sVar1 != -0x532) {
        FUN_40584eaa(1);
        uVar13 = uVar13 + 1;
        if ((uVar7 == 0 || uVar7 <= uVar13) && (uVar7 != 0 && uVar13 != uVar7)) break;
        sVar1 = *psVar6;
      }
      *puVar2 = uVar13;
    }
    *psVar3 = 0x10;
  }
  *psVar3 = 0x11;
  iVar8 = FUN_40cc989c(param_2,0x5c);
  if (iVar8 != 0) {
    param_2 = iVar8 + 1;
  }
  *psVar3 = 0x22;
  FUN_40c970a8(DAT_40625070,400,DAT_4062506c,param_2,param_1,*DAT_40625068,DAT_40625068[1],
               DAT_40625068[2],param_3);
  FUN_4064ef08(DAT_40625070,param_1,param_2,param_3);
  *psVar3 = 0x33;
  iVar8 = thunk_FUN_406254c4();
  if (iVar8 == 1) {
    FUN_4064eec4();
  }
  *psVar3 = 0x44;
  iVar8 = DAT_40625074;
  software_interrupt(1);
  DataMemoryBarrier(0x1f);
  *(undefined4 *)(DAT_40625074 + 8) = DAT_40625070;
  FUN_40581cb2(iVar8);
  return;
}

 (GhidraScript)  
INFO  dsp_desc2.java> 
######## FUNC @ 0x405fc6f8 ######## (GhidraScript)  
INFO  dsp_desc2.java> 
void FUN_405fc6f8(void)

{
  char cVar1;
  int iVar2;
  int *piVar3;
  undefined4 *puVar4;
  undefined4 *puVar5;
  byte *pbVar6;
  undefined4 uVar7;
  int iVar8;
  uint uVar9;
  undefined4 uVar10;
  undefined4 uVar11;
  undefined4 uVar12;
  int iVar13;
  undefined1 auStack_150 [152];
  undefined1 auStack_b8 [156];
  
  uVar7 = FUN_40c7a56c();
  puVar5 = DAT_405fcadc;
  puVar4 = DAT_405fcad8;
  piVar3 = DAT_405fcad4;
  iVar2 = DAT_405fcad0;
  if ((*(uint *)(DAT_405fcad0 + 0x204) & 0x100) == 0) {
    if ((*(uint *)(DAT_405fcad0 + 0x204) & 0x20) == 0) {
      if ((*(uint *)(DAT_405fcad0 + 0x204) & 1) == 0) {
        if ((*(uint *)(DAT_405fcad0 + 0x204) & 2) == 0) {
          if ((*(uint *)(DAT_405fcad0 + 0x204) & 4) == 0) {
            if ((*(uint *)(DAT_405fcad0 + 0x204) & 8) == 0) {
              if ((*(uint *)(DAT_405fcad0 + 0x204) & 0x10) == 0) {
                if ((*(uint *)(DAT_405fcad0 + 0x204) & 0x40) == 0) {
                  if ((*(uint *)(DAT_405fcad0 + 0x204) & 0x80) == 0) {
                    if ((*(uint *)(DAT_405fcad0 + 0x204) & 0x40) == 0) {
                      FUN_40c970a8(auStack_150,0x96,s_BusMon_No_Filter_Error_405fcce0);
                      iVar13 = 10;
                      goto LAB_405fca28;
                    }
                    FUN_40c970a8(auStack_150,0x96,s_BusMon_Error_DMAtoL2___DetectAdr_405fccb4,
                                 *(undefined4 *)(DAT_405fcad0 + 0xd8));
                    iVar13 = 6;
                    uVar9 = *(uint *)(iVar2 + 0x20c) | 0x40;
                  }
                  else {
                    FUN_405fc65c(*(uint *)(DAT_405fcad0 + 0xf4) & 0xff,auStack_b8);
                    FUN_40c970a8(auStack_150,0x96,s_BusMon_Error_LMACtoL2___DetectAd_405fcc88,
                                 *(undefined4 *)(iVar2 + 0xf8));
                    iVar13 = 7;
                    uVar9 = *(uint *)(iVar2 + 0x20c) | 0x80;
                  }
                }
                else {
                  FUN_405fc65c(*(uint *)(DAT_405fcad0 + 0xd4) & 0xff,auStack_b8);
                  FUN_40c970a8(auStack_150,0x96,s_BusMon_Error_DMAtoL2___DetectID___405fcc4c,
                               auStack_b8,*(uint *)(iVar2 + 0xd4) & 0xff,
                               *(undefined4 *)(iVar2 + 0xd8));
                  iVar13 = 6;
                  uVar9 = *(uint *)(iVar2 + 0x20c) | 0x40;
                }
              }
              else {
                FUN_40c970a8(auStack_150,0x96,s_BusMon_Error_UCPUM___DetectAdres_405fcc24,
                             *(undefined4 *)(DAT_405fcad0 + 0x98));
                iVar13 = 4;
                uVar9 = *(uint *)(iVar2 + 0x20c) | 0x10;
              }
            }
            else {
              FUN_405fc65c(*(uint *)(DAT_405fcad0 + 0x78) & 0x3ff,auStack_b8);
              FUN_40c970a8(auStack_150,0x96,s_BusMon_Error_Filter3___DetectID___405fcbe8,auStack_b8,
                           *(uint *)(iVar2 + 0x78) & 0x3ff,*(undefined4 *)(iVar2 + 0x7c));
              iVar13 = 3;
              uVar9 = *(uint *)(iVar2 + 0x20c) | 8;
            }
          }
          else {
            FUN_405fc65c(*(uint *)(DAT_405fcad0 + 0x58) & 0x3ff,auStack_b8);
            FUN_40c970a8(auStack_150,0x96,s_BusMon_Error_Filter2___DetectID___405fcbac,auStack_b8,
                         *(uint *)(iVar2 + 0x58) & 0x3ff,*(undefined4 *)(iVar2 + 0x5c));
            iVar13 = 2;
            uVar9 = *(uint *)(iVar2 + 0x20c) | 4;
          }
        }
        else {
          FUN_405fc65c(*(uint *)(DAT_405fcad0 + 0x38) & 0x3ff,auStack_b8);
          FUN_40c970a8(auStack_150,0x96,s_BusMon_Error_Filter1___DetectID___405fcb70,auStack_b8,
                       *(uint *)(iVar2 + 0x38) & 0x3ff,*(undefined4 *)(iVar2 + 0x3c));
          iVar13 = 1;
          uVar9 = *(uint *)(iVar2 + 0x20c) | 2;
        }
      }
      else {
        FUN_405fc65c(*(uint *)(DAT_405fcad0 + 0x18) & 0x3ff,auStack_b8);
        FUN_40c970a8(auStack_150,0x96,s_BusMon_Error_Filter0___DetectID___405fcb34,auStack_b8,
                     *(uint *)(iVar2 + 0x18) & 0x3ff,*(undefined4 *)(iVar2 + 0x1c));
        iVar13 = 0;
        uVar9 = *(uint *)(iVar2 + 0x20c) | 1;
      }
    }
    else {
      iVar13 = FUN_405ccef2(0);
      *piVar3 = iVar13;
      if (iVar13 == 1) {
        uVar10 = puVar5[1];
        uVar11 = puVar5[2];
        uVar12 = puVar5[3];
        *puVar4 = *puVar5;
        puVar4[1] = uVar10;
        puVar4[2] = uVar11;
        puVar4[3] = uVar12;
        uVar10 = puVar5[5];
        uVar11 = puVar5[6];
        uVar12 = puVar5[7];
        puVar4[4] = puVar5[4];
        puVar4[5] = uVar10;
        puVar4[6] = uVar11;
        puVar4[7] = uVar12;
        uVar10 = puVar5[9];
        uVar11 = puVar5[10];
        uVar12 = puVar5[0xb];
        puVar4[8] = puVar5[8];
        puVar4[9] = uVar10;
        puVar4[10] = uVar11;
        puVar4[0xb] = uVar12;
        uVar10 = puVar5[0xd];
        uVar11 = puVar5[0xe];
        puVar4[0xc] = puVar5[0xc];
        puVar4[0xd] = uVar10;
        puVar4[0xe] = uVar11;
        FUN_40584eaa(10);
        uVar10 = puVar5[1];
        uVar11 = puVar5[2];
        uVar12 = puVar5[3];
        puVar4[0xf] = *puVar5;
        puVar4[0x10] = uVar10;
        puVar4[0x11] = uVar11;
        puVar4[0x12] = uVar12;
        uVar10 = puVar5[5];
        uVar11 = puVar5[6];
        uVar12 = puVar5[7];
        puVar4[0x13] = puVar5[4];
        puVar4[0x14] = uVar10;
        puVar4[0x15] = uVar11;
        puVar4[0x16] = uVar12;
        uVar10 = puVar5[9];
        uVar11 = puVar5[10];
        uVar12 = puVar5[0xb];
        puVar4[0x17] = puVar5[8];
        puVar4[0x18] = uVar10;
        puVar4[0x19] = uVar11;
        puVar4[0x1a] = uVar12;
        uVar10 = puVar5[0xd];
        uVar11 = puVar5[0xe];
        puVar4[0x1b] = puVar5[0xc];
        puVar4[0x1c] = uVar10;
        puVar4[0x1d] = uVar11;
      }
      FUN_40c970a8(auStack_150,0x96,s_BusMon_Error_LCPUMtoL2_DetectAdr_405fcb08,
                   *(undefined4 *)(iVar2 + 0xb8));
      iVar13 = 5;
      uVar9 = *(uint *)(iVar2 + 0x20c) | 0x20;
    }
  }
  else {
    iVar13 = 9;
    if (*(char *)((int)DAT_405fcad4 + 0x115) == '\x03') {
      iVar8 = FUN_405ccef2(0);
      *piVar3 = iVar8;
      if (iVar8 == 1) {
        uVar10 = puVar5[1];
        uVar11 = puVar5[2];
        uVar12 = puVar5[3];
        *puVar4 = *puVar5;
        puVar4[1] = uVar10;
        puVar4[2] = uVar11;
        puVar4[3] = uVar12;
        uVar10 = puVar5[5];
        uVar11 = puVar5[6];
        uVar12 = puVar5[7];
        puVar4[4] = puVar5[4];
        puVar4[5] = uVar10;
        puVar4[6] = uVar11;
        puVar4[7] = uVar12;
        uVar10 = puVar5[9];
        uVar11 = puVar5[10];
        uVar12 = puVar5[0xb];
        puVar4[8] = puVar5[8];
        puVar4[9] = uVar10;
        puVar4[10] = uVar11;
        puVar4[0xb] = uVar12;
        uVar10 = puVar5[0xd];
        uVar11 = puVar5[0xe];
        puVar4[0xc] = puVar5[0xc];
        puVar4[0xd] = uVar10;
        puVar4[0xe] = uVar11;
        FUN_40584eaa(10);
        uVar10 = puVar5[1];
        uVar11 = puVar5[2];
        uVar12 = puVar5[3];
        puVar4[0xf] = *puVar5;
        puVar4[0x10] = uVar10;
        puVar4[0x11] = uVar11;
        puVar4[0x12] = uVar12;
        uVar10 = puVar5[5];
        uVar11 = puVar5[6];
        uVar12 = puVar5[7];
        puVar4[0x13] = puVar5[4];
        puVar4[0x14] = uVar10;
        puVar4[0x15] = uVar11;
        puVar4[0x16] = uVar12;
        uVar10 = puVar5[9];
        uVar11 = puVar5[10];
        uVar12 = puVar5[0xb];
        puVar4[0x17] = puVar5[8];
        puVar4[0x18] = uVar10;
        puVar4[0x19] = uVar11;
        puVar4[0x1a] = uVar12;
        uVar10 = puVar5[0xd];
        uVar11 = puVar5[0xe];
        puVar4[0x1b] = puVar5[0xc];
        puVar4[0x1c] = uVar10;
        puVar4[0x1d] = uVar11;
      }
    }
    FUN_40c970a8(auStack_150,0x96,s_BusMon_Error_HMtoL2___DetectAdre_405fcae0,
                 *(undefined4 *)(iVar2 + 0x118));
    uVar9 = *(uint *)(iVar2 + 0x20c) | 0x100;
  }
  *(uint *)(iVar2 + 0x20c) = uVar9;
LAB_405fca28:
  iVar2 = DAT_405fcd00;
  pbVar6 = DAT_405fccfc;
  cVar1 = *(char *)(DAT_405fccf8 + iVar13 * 0x1c + 0x11);
  if ((cVar1 == '\x03' || iVar13 == 10) || cVar1 == '\a') {
    FUN_40c7a5a4(uVar7);
    iVar2 = DAT_405fcd04;
    software_interrupt(1);
    DataMemoryBarrier(0x1f);
    *(undefined1 **)(DAT_405fcd04 + 8) = auStack_150;
    FUN_40581cb2(iVar2);
  }
  else {
    FUN_40b78b38(DAT_405fcd00 + (uint)*DAT_405fccfc * 0x9c,auStack_150);
    uVar10 = thunk_EXT_FUN_04007428();
    uVar9 = *pbVar6 + 1;
    *(undefined4 *)(iVar2 + (uint)*pbVar6 * 0x9c + 0x98) = uVar10;
    *pbVar6 = (byte)uVar9;
    if ((uVar9 & 0xff) == 0x32) {
      *pbVar6 = 0;
    }
  }
  FUN_40c7a5a4(uVar7);
  return;
}

 (GhidraScript)  
INFO  dsp_desc2.java> 
######## FUNC @ 0x42465278 ######## (GhidraScript)  
INFO  dsp_desc2.java> 
void FUN_42465278(undefined4 param_1,undefined4 param_2)

{
  int *piVar1;
  undefined2 local_38;
  undefined2 local_36;
  undefined2 local_32;
  undefined2 local_2c;
  
  *DAT_424654a4 = 1;
  FUN_42471528(&local_38,param_2,param_1);
  piVar1 = DAT_424654a8;
  if (*DAT_424654a8 != 1) {
    thunk_EXT_FUN_000012ac(9,1,DAT_424654ac,0,0);
  }
  thunk_EXT_FUN_00013af2(0x3f,7);
  thunk_EXT_FUN_00013fea(2);
  if (*(char *)(DAT_424654b0 + 0x5c) != '\x04') {
    *(undefined1 *)(DAT_424654b0 + 0x5c) = 4;
    FUN_42473ce4();
  }
  thunk_EXT_FUN_0003f45c();
  thunk_EXT_FUN_00004a68(local_32);
  thunk_EXT_FUN_0002e78a(0,1,local_2c);
  thunk_EXT_FUN_00013be2(2,7);
  thunk_EXT_FUN_00013a98(2,0x200);
  local_36 = 0;
  if (*piVar1 != 1) {
    thunk_EXT_FUN_000012ac(7,9,DAT_424654b4,3,local_38,param_1,param_2);
  }
  return;
}

 (GhidraScript)  
INFO  dsp_desc2.java> 
######## FUNC @ 0x4246509c ######## (GhidraScript)  
INFO  dsp_desc2.java> 
/* WARNING: Globals starting with '_' overlap smaller symbols at the same address */

void FUN_4246509c(undefined4 param_1,undefined4 param_2)

{
  int *piVar1;
  undefined2 local_38;
  undefined2 local_36;
  undefined2 local_34;
  undefined2 local_32;
  undefined2 local_30;
  undefined2 local_2e;
  
  *_DAT_42465224 = 1;
  FUN_42471528(&local_38,param_2,param_1);
  piVar1 = _DAT_424651dc;
  if (*_DAT_424651dc != 1) {
    thunk_EXT_FUN_000012ac(9,1,_DAT_42465238,0,0);
  }
  thunk_EXT_FUN_00013af2(0x3f,7);
  thunk_EXT_FUN_00013fea(2);
  if (*(char *)(_DAT_42465218 + 0x5c) != '\x04') {
    *(undefined1 *)(_DAT_42465218 + 0x5c) = 4;
    FUN_42473ce4();
  }
  thunk_EXT_FUN_0003f45c();
  *_DAT_4246522c = local_30;
  *_DAT_42465230 = local_2e;
  thunk_EXT_FUN_00004a68(local_32);
  thunk_EXT_FUN_0002e78a(1,0,0);
  thunk_EXT_FUN_0002e820(local_34);
  thunk_EXT_FUN_00013be2(2,7);
  local_36 = 0;
  if (*piVar1 != 1) {
    thunk_EXT_FUN_000012ac(7,9,_DAT_4246523c,3,local_38,param_1,param_2);
  }
  return;
}

 (GhidraScript)  
INFO  dsp_desc2.java> ==== END ==== (GhidraScript)  
INFO  REPORT: Save succeeded for processed file: /shannon_main.bin (HeadlessAnalyzer)  
